// Jest Snapshot v1, https://goo.gl/fbAQLP

exports[`Counter decreases correctly 1`] = `
<div>
  <h1>
    카운터!!
  </h1>
  <h3>
    1
  </h3>
  <button
    onClick={[Function]}
  >
    +
  </button>
  <button
    onClick={[Function]}
  >
    -
  </button>
</div>
`;

exports[`Counter increases correctly 1`] = `
<div>
  <h1>
    카운터!!
  </h1>
  <h3>
    2
  </h3>
  <button
    onClick={[Function]}
  >
    +
  </button>
  <button
    onClick={[Function]}
  >
    -
  </button>
</div>
`;

exports[`Counter matches snapshot 1`] = `
<div>
  <h1>
    카운터!!
  </h1>
  <h3>
    1
  </h3>
  <button
    onClick={[Function]}
  >
    +
  </button>
  <button
    onClick={[Function]}
  >
    -
  </button>
</div>
`;
